[2026-03-09T20:37:23.819+0000] {manager.py:469} INFO - Processing files using up to 2 processes at a time 
[2026-03-09T20:37:23.820+0000] {manager.py:470} INFO - Process each file at most once every 30 seconds
[2026-03-09T20:37:23.822+0000] {manager.py:471} INFO - Checking for new files in /opt/airflow/dags every 300 seconds
[2026-03-09T20:37:23.824+0000] {manager.py:738} INFO - Searching for files in /opt/airflow/dags
[2026-03-09T20:37:23.923+0000] {manager.py:741} INFO - There are 1 files in /opt/airflow/dags
[2026-03-09T20:37:23.997+0000] {manager.py:879} INFO - 
================================================================================
DAG File Processing Stats

File Path                           PID  Runtime      # DAGs    # Errors  Last Runtime    Last Run
--------------------------------  -----  ---------  --------  ----------  --------------  ----------
/opt/airflow/dags/test_impala.py    198  0.03s             0           0
================================================================================
[2026-03-09T20:37:52.776+0000] {manager.py:879} INFO - 
================================================================================
DAG File Processing Stats

File Path                         PID    Runtime      # DAGs    # Errors  Last Runtime    Last Run
--------------------------------  -----  ---------  --------  ----------  --------------  -------------------
/opt/airflow/dags/test_impala.py                           0           1  0.11s           2026-03-09T20:37:24
================================================================================
[2026-03-09T20:38:21.612+0000] {manager.py:879} INFO - 
================================================================================
DAG File Processing Stats

File Path                         PID    Runtime      # DAGs    # Errors  Last Runtime    Last Run
--------------------------------  -----  ---------  --------  ----------  --------------  -------------------
/opt/airflow/dags/test_impala.py                           0           1  0.13s           2026-03-09T20:37:54
================================================================================
[2026-03-09T20:38:50.348+0000] {manager.py:879} INFO - 
================================================================================
DAG File Processing Stats

File Path                         PID    Runtime      # DAGs    # Errors  Last Runtime    Last Run
--------------------------------  -----  ---------  --------  ----------  --------------  -------------------
/opt/airflow/dags/test_impala.py                           0           1  0.09s           2026-03-09T20:38:25
================================================================================
[2026-03-09T20:39:05.222+0000] {manager.py:451} INFO - Exiting gracefully upon receiving signal 15
[2026-03-09T20:40:14.841+0000] {manager.py:469} INFO - Processing files using up to 2 processes at a time 
[2026-03-09T20:40:14.844+0000] {manager.py:470} INFO - Process each file at most once every 30 seconds
[2026-03-09T20:40:14.845+0000] {manager.py:471} INFO - Checking for new files in /opt/airflow/dags every 300 seconds
[2026-03-09T20:40:14.847+0000] {manager.py:738} INFO - Searching for files in /opt/airflow/dags
[2026-03-09T20:40:14.949+0000] {manager.py:741} INFO - There are 1 files in /opt/airflow/dags
[2026-03-09T20:40:15.032+0000] {manager.py:879} INFO - 
================================================================================
DAG File Processing Stats

File Path                           PID  Runtime      # DAGs    # Errors  Last Runtime    Last Run
--------------------------------  -----  ---------  --------  ----------  --------------  ----------
/opt/airflow/dags/test_impala.py    198  0.03s             0           0
================================================================================
[2026-03-09T20:40:43.692+0000] {manager.py:879} INFO - 
================================================================================
DAG File Processing Stats

File Path                         PID    Runtime      # DAGs    # Errors  Last Runtime    Last Run
--------------------------------  -----  ---------  --------  ----------  --------------  -------------------
/opt/airflow/dags/test_impala.py                           0           1  0.10s           2026-03-09T20:40:15
================================================================================
[2026-03-09T20:41:12.599+0000] {manager.py:879} INFO - 
================================================================================
DAG File Processing Stats

File Path                         PID    Runtime      # DAGs    # Errors  Last Runtime    Last Run
--------------------------------  -----  ---------  --------  ----------  --------------  -------------------
/opt/airflow/dags/test_impala.py                           0           1  0.41s           2026-03-09T20:40:46
================================================================================
[2026-03-09T20:41:30.860+0000] {manager.py:451} INFO - Exiting gracefully upon receiving signal 15
